../Core/Src/main.c:75:9:calculate_dB_int	32	static
../Core/Src/main.c:86:6:send_dB_over_UART	72	static
../Core/Src/main.c:134:5:main	8	static
../Core/Src/main.c:183:6:SystemClock_Config	88	static
../Core/Src/main.c:229:13:MX_CRC_Init	8	static
../Core/Src/main.c:256:13:MX_I2S2_Init	8	static
../Core/Src/main.c:290:13:MX_UART4_Init	8	static
../Core/Src/main.c:321:13:MX_DMA_Init	16	static
../Core/Src/main.c:339:13:MX_GPIO_Init	48	static
../Core/Src/main.c:374:6:Error_Handler	4	static,ignoring_inline_asm
